// Jest Snapshot v1, https://goo.gl/fbAQLP

exports[`Pruebas en <HeroPage /> debe de navegar a la pagina de /marvel si se detecta el id de un heroe no existente 1`] = `
<div>
  <div>
    <div
      class="row rows-cols-1 row-cols-md-3 g-3"
    >
      <div
        class="col animate__fadeIn animate__animated"
      >
        <div
          class="card"
        >
          <div
            class="row no-gutters"
          >
            <div
              class="col-4"
            >
              <img
                alt="Spider Man"
                class="card-img"
                src="/assets/heroes/marvel-spider.jpg"
              />
            </div>
            <div
              class="col-8"
            >
              <div
                class="card-body"
              >
                <h5
                  class="card-title"
                >
                  Spider Man
                </h5>
                <p
                  class="card-text"
                >
                  Peter Parker
                </p>
                <p
                  class="card-text text-muted"
                >
                  Amazing Fantasy #15
                </p>
                <a
                  href="/hero/marvel-spider"
                >
                  Más...
                </a>
              </div>
            </div>
          </div>
        </div>
      </div>
      <div
        class="col animate__fadeIn animate__animated"
      >
        <div
          class="card"
        >
          <div
            class="row no-gutters"
          >
            <div
              class="col-4"
            >
              <img
                alt="Captain America"
                class="card-img"
                src="/assets/heroes/marvel-captain.jpg"
              />
            </div>
            <div
              class="col-8"
            >
              <div
                class="card-body"
              >
                <h5
                  class="card-title"
                >
                  Captain America
                </h5>
                <p
                  class="card-text"
                >
                  Steve Rogers
                </p>
                <p
                  class="card-text text-muted"
                >
                  Captain America Comics #1
                </p>
                <a
                  href="/hero/marvel-captain"
                >
                  Más...
                </a>
              </div>
            </div>
          </div>
        </div>
      </div>
      <div
        class="col animate__fadeIn animate__animated"
      >
        <div
          class="card"
        >
          <div
            class="row no-gutters"
          >
            <div
              class="col-4"
            >
              <img
                alt="Iron Man"
                class="card-img"
                src="/assets/heroes/marvel-iron.jpg"
              />
            </div>
            <div
              class="col-8"
            >
              <div
                class="card-body"
              >
                <h5
                  class="card-title"
                >
                  Iron Man
                </h5>
                <p
                  class="card-text"
                >
                  Tony Stark
                </p>
                <p
                  class="card-text text-muted"
                >
                  Tales of Suspense #39
                </p>
                <a
                  href="/hero/marvel-iron"
                >
                  Más...
                </a>
              </div>
            </div>
          </div>
        </div>
      </div>
      <div
        class="col animate__fadeIn animate__animated"
      >
        <div
          class="card"
        >
          <div
            class="row no-gutters"
          >
            <div
              class="col-4"
            >
              <img
                alt="Thor"
                class="card-img"
                src="/assets/heroes/marvel-thor.jpg"
              />
            </div>
            <div
              class="col-8"
            >
              <div
                class="card-body"
              >
                <h5
                  class="card-title"
                >
                  Thor
                </h5>
                <p
                  class="card-text"
                >
                  Thor Odinson
                </p>
                <p
                  class="card-text text-muted"
                >
                  Journey into Myster #83
                </p>
                <a
                  href="/hero/marvel-thor"
                >
                  Más...
                </a>
              </div>
            </div>
          </div>
        </div>
      </div>
      <div
        class="col animate__fadeIn animate__animated"
      >
        <div
          class="card"
        >
          <div
            class="row no-gutters"
          >
            <div
              class="col-4"
            >
              <img
                alt="Hulk"
                class="card-img"
                src="/assets/heroes/marvel-hulk.jpg"
              />
            </div>
            <div
              class="col-8"
            >
              <div
                class="card-body"
              >
                <h5
                  class="card-title"
                >
                  Hulk
                </h5>
                <p
                  class="card-text"
                >
                  Bruce Banner
                </p>
                <p
                  class="card-text text-muted"
                >
                  The Incredible Hulk #1
                </p>
                <a
                  href="/hero/marvel-hulk"
                >
                  Más...
                </a>
              </div>
            </div>
          </div>
        </div>
      </div>
      <div
        class="col animate__fadeIn animate__animated"
      >
        <div
          class="card"
        >
          <div
            class="row no-gutters"
          >
            <div
              class="col-4"
            >
              <img
                alt="Wolverine"
                class="card-img"
                src="/assets/heroes/marvel-wolverine.jpg"
              />
            </div>
            <div
              class="col-8"
            >
              <div
                class="card-body"
              >
                <h5
                  class="card-title"
                >
                  Wolverine
                </h5>
                <p
                  class="card-text"
                >
                  James Howlett
                </p>
                <p
                  class="card-text text-muted"
                >
                  The Incredible Hulk #180
                </p>
                <a
                  href="/hero/marvel-wolverine"
                >
                  Más...
                </a>
              </div>
            </div>
          </div>
        </div>
      </div>
      <div
        class="col animate__fadeIn animate__animated"
      >
        <div
          class="card"
        >
          <div
            class="row no-gutters"
          >
            <div
              class="col-4"
            >
              <img
                alt="Daredevil"
                class="card-img"
                src="/assets/heroes/marvel-daredevil.jpg"
              />
            </div>
            <div
              class="col-8"
            >
              <div
                class="card-body"
              >
                <h5
                  class="card-title"
                >
                  Daredevil
                </h5>
                <p
                  class="card-text"
                >
                  Matthew Michael Murdock
                </p>
                <p
                  class="card-text text-muted"
                >
                  Daredevil #1
                </p>
                <a
                  href="/hero/marvel-daredevil"
                >
                  Más...
                </a>
              </div>
            </div>
          </div>
        </div>
      </div>
      <div
        class="col animate__fadeIn animate__animated"
      >
        <div
          class="card"
        >
          <div
            class="row no-gutters"
          >
            <div
              class="col-4"
            >
              <img
                alt="Hawkeye"
                class="card-img"
                src="/assets/heroes/marvel-hawkeye.jpg"
              />
            </div>
            <div
              class="col-8"
            >
              <div
                class="card-body"
              >
                <h5
                  class="card-title"
                >
                  Hawkeye
                </h5>
                <p
                  class="card-text"
                >
                  Clinton Francis Barton
                </p>
                <p
                  class="card-text text-muted"
                >
                  Tales of Suspense #57
                </p>
                <a
                  href="/hero/marvel-hawkeye"
                >
                  Más...
                </a>
              </div>
            </div>
          </div>
        </div>
      </div>
      <div
        class="col animate__fadeIn animate__animated"
      >
        <div
          class="card"
        >
          <div
            class="row no-gutters"
          >
            <div
              class="col-4"
            >
              <img
                alt="Cyclops"
                class="card-img"
                src="/assets/heroes/marvel-cyclops.jpg"
              />
            </div>
            <div
              class="col-8"
            >
              <div
                class="card-body"
              >
                <h5
                  class="card-title"
                >
                  Cyclops
                </h5>
                <p
                  class="card-text"
                >
                  Scott Summers
                </p>
                <p
                  class="card-text text-muted"
                >
                  X-Men #1
                </p>
                <a
                  href="/hero/marvel-cyclops"
                >
                  Más...
                </a>
              </div>
            </div>
          </div>
        </div>
      </div>
      <div
        class="col animate__fadeIn animate__animated"
      >
        <div
          class="card"
        >
          <div
            class="row no-gutters"
          >
            <div
              class="col-4"
            >
              <img
                alt="Silver Surfer"
                class="card-img"
                src="/assets/heroes/marvel-silver.jpg"
              />
            </div>
            <div
              class="col-8"
            >
              <div
                class="card-body"
              >
                <h5
                  class="card-title"
                >
                  Silver Surfer
                </h5>
                <p
                  class="card-text"
                >
                  Norrin Radd
                </p>
                <p
                  class="card-text text-muted"
                >
                  The Fantastic Four #48
                </p>
                <a
                  href="/hero/marvel-silver"
                >
                  Más...
                </a>
              </div>
            </div>
          </div>
        </div>
      </div>
    </div>
  </div>
</div>
`;
