// Jest Snapshot v1, https://goo.gl/fbAQLP

exports[`Pruebas en <SearchPage /> debe de mostarse correctamente con los valores por defecto 1`] = `
<div>
  <div>
    <h4>
      Search
    </h4>
    <hr />
    <div
      class="row"
    >
      <div
        class="col-5"
      >
        <h4>
          Searching...
        </h4>
        <hr />
        <form
          aria-label="form"
        >
          <input
            autocomplete="off"
            class="form-control mb-2"
            name="searchText"
            placeholder="Search a heroe"
            type="text"
            value=""
          />
          <button
            class="btn btn-outline-primary"
          >
            Search
          </button>
        </form>
      </div>
      <div
        class="col-7"
      >
        <h4>
          Results
        </h4>
        <hr />
        <div
          aria-label="search_heroe"
          class="alert alert-primary animate__fadeIn animate__animated"
        >
          Search a heroe
        </div>
        <div
          aria-label="error_search_heroe"
          class="alert alert-danger animate__fadeIn animate__animated"
          style="display: none;"
        >
          There's no heroe with 
          <b />
        </div>
      </div>
    </div>
  </div>
</div>
`;
