// Jest Snapshot v1, https://goo.gl/fbAQLP

exports[`first should first 1`] = `
<div
  className="card animate__animated animate__fadeIn"
>
  <p />
  <img />
</div>
`;
