// Jest Snapshot v1, https://goo.gl/fbAQLP

exports[`Pruebas en PrimeraApp Debe mostrar el mensaje "Hola, soy Santi" 1`] = `
<Fragment>
  <h1>
    Hola, soy Santi
  </h1>
  <p>
    Soy un subtitulo
  </p>
</Fragment>
`;
