// Jest Snapshot v1, https://goo.gl/fbAQLP

exports[`Pruebas del componente GifGridItem Debe mostrar el componente correctamente 1`] = `
<div
  className="card animate__animated animate__fadeIn"
>
  <p>
    Un titulo
  </p>
  <img
    alt="Un titulo"
    src="https://localhost/algo.jpg"
  />
</div>
`;
